d:\users\2409424\desktop\3dactiongame\3dactiongame\x64\debug\vc143.pdb
d:\users\2409424\desktop\3dactiongame\3dactiongame\x64\debug\vc143.idb
d:\users\2409424\desktop\3dactiongame\3dactiongame\x64\debug\shot.obj
d:\users\2409424\desktop\3dactiongame\3dactiongame\x64\debug\scenetitle.obj
d:\users\2409424\desktop\3dactiongame\3dactiongame\x64\debug\sceneresult.obj
d:\users\2409424\desktop\3dactiongame\3dactiongame\x64\debug\scenemanager.obj
d:\users\2409424\desktop\3dactiongame\3dactiongame\x64\debug\playscene.obj
d:\users\2409424\desktop\3dactiongame\3dactiongame\x64\debug\player.obj
d:\users\2409424\desktop\3dactiongame\3dactiongame\x64\debug\goal.obj
d:\users\2409424\desktop\3dactiongame\3dactiongame\x64\debug\field.obj
d:\users\2409424\desktop\3dactiongame\3dactiongame\x64\debug\enemymanager.obj
d:\users\2409424\desktop\3dactiongame\3dactiongame\x64\debug\enemy.obj
d:\users\2409424\desktop\3dactiongame\3dactiongame\x64\debug\collisionmanager.obj
d:\users\2409424\desktop\3dactiongame\3dactiongame\x64\debug\playcamera.obj
d:\users\2409424\desktop\3dactiongame\3dactiongame\x64\debug\debugcamera.obj
d:\users\2409424\desktop\3dactiongame\3dactiongame\x64\debug\cameramanager.obj
d:\users\2409424\desktop\3dactiongame\3dactiongame\x64\debug\main.obj
d:\users\2409424\desktop\3dactiongame\3dactiongame\x64\debug\collision.obj
d:\users\2409424\desktop\3dactiongame\3dactiongame\x64\debug\input.obj
d:\users\2409424\desktop\3dactiongame\3dactiongame\x64\debug\frame.obj
d:\users\2409424\desktop\3dactiongame\3dactiongame\x64\debug\fade.obj
d:\users\2409424\desktop\3dactiongame\3dactiongame\x64\debug\data.obj
d:\users\2409424\desktop\3dactiongame\3dactiongame\x64\debug\soundmanager.obj
d:\users\2409424\desktop\3dactiongame\3dactiongame\x64\debug\shotmanager.obj
d:\users\2409424\desktop\3dactiongame\x64\debug\3dactiongame.exe
d:\users\2409424\desktop\3dactiongame\x64\debug\3dactiongame.pdb
d:\users\2409424\desktop\3dactiongame\3dactiongame\x64\debug\3dactiongame.ilk
d:\users\2409424\desktop\3dactiongame\3dactiongame\x64\debug\3dactiongame.tlog\cl.command.1.tlog
d:\users\2409424\desktop\3dactiongame\3dactiongame\x64\debug\3dactiongame.tlog\cl.items.tlog
d:\users\2409424\desktop\3dactiongame\3dactiongame\x64\debug\3dactiongame.tlog\cl.read.1.tlog
d:\users\2409424\desktop\3dactiongame\3dactiongame\x64\debug\3dactiongame.tlog\cl.write.1.tlog
d:\users\2409424\desktop\3dactiongame\3dactiongame\x64\debug\3dactiongame.tlog\link.command.1.tlog
d:\users\2409424\desktop\3dactiongame\3dactiongame\x64\debug\3dactiongame.tlog\link.read.1.tlog
d:\users\2409424\desktop\3dactiongame\3dactiongame\x64\debug\3dactiongame.tlog\link.secondary.1.tlog
d:\users\2409424\desktop\3dactiongame\3dactiongame\x64\debug\3dactiongame.tlog\link.write.1.tlog
