  Data.cpp
  fade.cpp
C:\Users\2409424\Desktop\3DActionGame\src\lib\fade\fade.cpp(70,30): warning C4244: '引数': 'float' から 'int' への変換です。データが失われる可能性があります。
C:\Users\2409424\Desktop\3DActionGame\src\lib\fade\fade.cpp(70,17): warning C4244: '引数': 'float' から 'int' への変換です。データが失われる可能性があります。
  frame.cpp
  input.cpp
  collision.cpp
  main.cpp
  CameraManager.cpp
  DebugCamera.cpp
  PlayCamera.cpp
  CollisionManager.cpp
  Enemy.cpp
  EnemyManager.cpp
  Field.cpp
  Goal.cpp
  Player.cpp
  PlayScene.cpp
  SceneManager.cpp
  SceneResult.cpp
  SceneTitle.cpp
  Shot.cpp
  コードを生成中...
  コンパイル中...
  ShotManager.cpp
  SoundManager.cpp
  コードを生成中...
  3DActionGame.vcxproj -> C:\Users\2409424\Desktop\3DActionGame\x64\Debug\3DActionGame.exe
