  background.cpp
  hitcheck.cpp
  effect.cpp
  enemy.cpp
  enemyshot.cpp
  player.cpp
  scene.cpp
  scenegame.cpp
  sceneresult.cpp
  scenetitle.cpp
  shot.cpp
  soundmanager.cpp
  fade.cpp
C:\Users\2409424\Desktop\ShootingGame\src\lib\Fade\fade.cpp(77,30): warning C4244: '引数': 'float' から 'int' への変換です。データが失われる可能性があります。
C:\Users\2409424\Desktop\ShootingGame\src\lib\Fade\fade.cpp(77,17): warning C4244: '引数': 'float' から 'int' への変換です。データが失われる可能性があります。
  frame.cpp
  input.cpp
  collision.cpp
  main.cpp
  コードを生成中...
  ShootingGame.vcxproj -> C:\Users\2409424\Desktop\ShootingGame\x64\Debug\ShootingGame.exe
