c:\users\koshi\onedrive\デスクトップ\shootinggame\shootinggame\x64\debug\vc143.pdb
c:\users\koshi\onedrive\デスクトップ\shootinggame\shootinggame\x64\debug\vc143.idb
c:\users\koshi\onedrive\デスクトップ\shootinggame\shootinggame\x64\debug\main.obj
c:\users\koshi\onedrive\デスクトップ\shootinggame\shootinggame\x64\debug\background.obj
c:\users\koshi\onedrive\デスクトップ\shootinggame\shootinggame\x64\debug\input.obj
c:\users\koshi\onedrive\デスクトップ\shootinggame\shootinggame\x64\debug\frame.obj
c:\users\koshi\onedrive\デスクトップ\shootinggame\shootinggame\x64\debug\fade.obj
c:\users\koshi\onedrive\デスクトップ\shootinggame\shootinggame\x64\debug\collision.obj
c:\users\koshi\onedrive\デスクトップ\shootinggame\shootinggame\x64\debug\soundmanager.obj
c:\users\koshi\onedrive\デスクトップ\shootinggame\shootinggame\x64\debug\shot.obj
c:\users\koshi\onedrive\デスクトップ\shootinggame\shootinggame\x64\debug\scenetitle.obj
c:\users\koshi\onedrive\デスクトップ\shootinggame\shootinggame\x64\debug\scenegame.obj
c:\users\koshi\onedrive\デスクトップ\shootinggame\shootinggame\x64\debug\scene.obj
c:\users\koshi\onedrive\デスクトップ\shootinggame\shootinggame\x64\debug\sceneresult.obj
c:\users\koshi\onedrive\デスクトップ\shootinggame\shootinggame\x64\debug\player.obj
c:\users\koshi\onedrive\デスクトップ\shootinggame\shootinggame\x64\debug\hitcheck.obj
c:\users\koshi\onedrive\デスクトップ\shootinggame\shootinggame\x64\debug\enemyshot.obj
c:\users\koshi\onedrive\デスクトップ\shootinggame\shootinggame\x64\debug\enemy.obj
c:\users\koshi\onedrive\デスクトップ\shootinggame\shootinggame\x64\debug\effect.obj
c:\users\2409424\desktop\shootinggame\shootinggame\x64\debug\vc143.pdb
c:\users\2409424\desktop\shootinggame\shootinggame\x64\debug\vc143.idb
c:\users\2409424\desktop\shootinggame\shootinggame\x64\debug\main.obj
c:\users\2409424\desktop\shootinggame\shootinggame\x64\debug\collision.obj
c:\users\2409424\desktop\shootinggame\shootinggame\x64\debug\input.obj
c:\users\2409424\desktop\shootinggame\shootinggame\x64\debug\frame.obj
c:\users\2409424\desktop\shootinggame\shootinggame\x64\debug\fade.obj
c:\users\2409424\desktop\shootinggame\shootinggame\x64\debug\soundmanager.obj
c:\users\2409424\desktop\shootinggame\shootinggame\x64\debug\shot.obj
c:\users\2409424\desktop\shootinggame\shootinggame\x64\debug\sceneresult.obj
c:\users\2409424\desktop\shootinggame\shootinggame\x64\debug\scenegame.obj
c:\users\2409424\desktop\shootinggame\shootinggame\x64\debug\player.obj
c:\users\2409424\desktop\shootinggame\shootinggame\x64\debug\enemyshot.obj
c:\users\2409424\desktop\shootinggame\shootinggame\x64\debug\enemy.obj
c:\users\2409424\desktop\shootinggame\shootinggame\x64\debug\effect.obj
c:\users\2409424\desktop\shootinggame\shootinggame\x64\debug\hitcheck.obj
c:\users\2409424\desktop\shootinggame\shootinggame\x64\debug\background.obj
c:\users\2409424\desktop\shootinggame\shootinggame\x64\debug\scene.obj
c:\users\koshi\onedrive\デスクトップ\shootinggame\shootinggame\x64\debug\shootinggame.ilk
c:\users\2409424\desktop\shootinggame\shootinggame\x64\debug\debug.obj
c:\users\2409424\desktop\shootinggame\shootinggame\x64\debug\scenetitle.obj
c:\users\2409424\desktop\shootinggame\x64\debug\shootinggame.pdb
c:\users\2409424\desktop\shootinggame\x64\debug\shootinggame.exe
c:\users\2409424\desktop\shootinggame\x64\debug\shootinggame.ilk
c:\users\2409424\desktop\shootinggame\shootinggame\x64\debug\shootinggame.tlog\cl.command.1.tlog
c:\users\2409424\desktop\shootinggame\shootinggame\x64\debug\shootinggame.tlog\cl.items.tlog
c:\users\2409424\desktop\shootinggame\shootinggame\x64\debug\shootinggame.tlog\cl.read.1.tlog
c:\users\2409424\desktop\shootinggame\shootinggame\x64\debug\shootinggame.tlog\cl.write.1.tlog
c:\users\2409424\desktop\shootinggame\shootinggame\x64\debug\shootinggame.tlog\link-cvtres.read.1.tlog
c:\users\2409424\desktop\shootinggame\shootinggame\x64\debug\shootinggame.tlog\link-cvtres.write.1.tlog
c:\users\2409424\desktop\shootinggame\shootinggame\x64\debug\shootinggame.tlog\link-rc.read.1.tlog
c:\users\2409424\desktop\shootinggame\shootinggame\x64\debug\shootinggame.tlog\link-rc.write.1.tlog
c:\users\2409424\desktop\shootinggame\shootinggame\x64\debug\shootinggame.tlog\link.25528-cvtres.read.1.tlog
c:\users\2409424\desktop\shootinggame\shootinggame\x64\debug\shootinggame.tlog\link.25528-cvtres.write.1.tlog
c:\users\2409424\desktop\shootinggame\shootinggame\x64\debug\shootinggame.tlog\link.25528-rc.read.1.tlog
c:\users\2409424\desktop\shootinggame\shootinggame\x64\debug\shootinggame.tlog\link.25528-rc.write.1.tlog
c:\users\2409424\desktop\shootinggame\shootinggame\x64\debug\shootinggame.tlog\link.25528.read.1.tlog
c:\users\2409424\desktop\shootinggame\shootinggame\x64\debug\shootinggame.tlog\link.25528.read.2.tlog
c:\users\2409424\desktop\shootinggame\shootinggame\x64\debug\shootinggame.tlog\link.25528.read.3.tlog
c:\users\2409424\desktop\shootinggame\shootinggame\x64\debug\shootinggame.tlog\link.25528.read.4.tlog
c:\users\2409424\desktop\shootinggame\shootinggame\x64\debug\shootinggame.tlog\link.25528.write.1.tlog
c:\users\2409424\desktop\shootinggame\shootinggame\x64\debug\shootinggame.tlog\link.command.1.tlog
c:\users\2409424\desktop\shootinggame\shootinggame\x64\debug\shootinggame.tlog\link.read.1.tlog
c:\users\2409424\desktop\shootinggame\shootinggame\x64\debug\shootinggame.tlog\link.read.2.tlog
c:\users\2409424\desktop\shootinggame\shootinggame\x64\debug\shootinggame.tlog\link.read.3.tlog
c:\users\2409424\desktop\shootinggame\shootinggame\x64\debug\shootinggame.tlog\link.read.4.tlog
c:\users\2409424\desktop\shootinggame\shootinggame\x64\debug\shootinggame.tlog\link.secondary.1.tlog
c:\users\2409424\desktop\shootinggame\shootinggame\x64\debug\shootinggame.tlog\link.write.1.tlog
