c:\users\2409424\desktop\github\gameproject\game\game\x64\debug\vc143.pdb
c:\users\2409424\desktop\github\gameproject\game\game\x64\debug\vc143.idb
c:\users\2409424\desktop\github\gameproject\game\game\x64\debug\fade.obj
c:\users\2409424\desktop\github\gameproject\game\game\x64\debug\soundmanager.obj
c:\users\2409424\desktop\github\gameproject\game\game\x64\debug\shotmanager.obj
c:\users\2409424\desktop\github\gameproject\game\game\x64\debug\shot.obj
c:\users\2409424\desktop\github\gameproject\game\game\x64\debug\scenetitle.obj
c:\users\2409424\desktop\github\gameproject\game\game\x64\debug\sceneplay.obj
c:\users\2409424\desktop\github\gameproject\game\game\x64\debug\scenemanager.obj
c:\users\2409424\desktop\github\gameproject\game\game\x64\debug\sceneresult.obj
c:\users\2409424\desktop\github\gameproject\game\game\x64\debug\player.obj
c:\users\2409424\desktop\github\gameproject\game\game\x64\debug\field.obj
c:\users\2409424\desktop\github\gameproject\game\game\x64\debug\enemymanager2.obj
c:\users\2409424\desktop\github\gameproject\game\game\x64\debug\enemy2.obj
c:\users\2409424\desktop\github\gameproject\game\game\x64\debug\enemymanager.obj
c:\users\2409424\desktop\github\gameproject\game\game\x64\debug\enemy.obj
c:\users\2409424\desktop\github\gameproject\game\game\x64\debug\collisionmanager.obj
c:\users\2409424\desktop\github\gameproject\game\game\x64\debug\playcamera.obj
c:\users\2409424\desktop\github\gameproject\game\game\x64\debug\debugcamera.obj
c:\users\2409424\desktop\github\gameproject\game\game\x64\debug\cameramanager.obj
c:\users\2409424\desktop\github\gameproject\game\game\x64\debug\main.obj
c:\users\2409424\desktop\github\gameproject\game\game\x64\debug\collision.obj
c:\users\2409424\desktop\github\gameproject\game\game\x64\debug\frame.obj
c:\users\2409424\desktop\github\gameproject\game\game\x64\debug\enemymanager3.obj
c:\users\2409424\desktop\github\gameproject\game\game\x64\debug\enemy3.obj
c:\users\2409424\desktop\github\gameproject\game\x64\debug\game.exe
c:\users\2409424\desktop\github\gameproject\game\x64\debug\game.pdb
c:\users\2409424\desktop\github\gameproject\game\game\x64\debug\game.ilk
c:\users\2409424\desktop\github\gameproject\game\game\x64\debug\game.tlog\cl.command.1.tlog
c:\users\2409424\desktop\github\gameproject\game\game\x64\debug\game.tlog\cl.items.tlog
c:\users\2409424\desktop\github\gameproject\game\game\x64\debug\game.tlog\cl.read.1.tlog
c:\users\2409424\desktop\github\gameproject\game\game\x64\debug\game.tlog\cl.write.1.tlog
c:\users\2409424\desktop\github\gameproject\game\game\x64\debug\game.tlog\link.command.1.tlog
c:\users\2409424\desktop\github\gameproject\game\game\x64\debug\game.tlog\link.read.1.tlog
c:\users\2409424\desktop\github\gameproject\game\game\x64\debug\game.tlog\link.secondary.1.tlog
c:\users\2409424\desktop\github\gameproject\game\game\x64\debug\game.tlog\link.write.1.tlog
